2026-09-28 23:25:13 UTC total=18624 specs
2026-09-29 01:24:01 UTC total=23224 specs
2026-09-29T03:24:47Z total=36548 specs
2026-09-29T05:28:33Z total=45558 specs
2026-09-29 07:25:44 UTC total=59489
2026-09-29 09:26:54 UTC total spec count = 71009
2026-09-29 11:26:51 UTC drip fill: +11515 new, 82524 total specs
2026-09-29 13:29:21 UTC drip fill: +11514 new, 94038 total specs
2026-09-29 15:28:27 UTC drip fill: +11522 new, 105560 total specs
2026-09-29 17:28:32 UTC spec drip fill: total=117083 (+11523 new this run; push withheld, repo size cap reached)
2026-09-29 19:27:41 UTC +11443 new, 76026 total specs (local)
2026-09-29 21:30:18 UTC drip fill: +11438 new, 87464 total specs (chunks=87464 hot=0)
2026-09-29 23:29:29 UTC drip fill (recovered interrupted run): +11520 new, 98984 total specs (chunks=98984 hot=0)
2026-09-30T01:27:35Z total=110288 (size cap reached, no push)
2026-09-30 03:28:49 UTC drip fill: +10500 new, 75788 total specs (chunks=75788 hot=0)
2026-09-30 05:43:06 UTC drip fill (dupe-block repaired by re-ID): +13052 new, 88840 total specs (chunks=88840 hot=0)
2026-09-30 07:29:37 UTC spec-drip: +11279 new, 100119 total specs (this repo)
2026-09-30T09:27:35Z spec drip fill: +11526 new, 87645 total specs (volumes=87645 hot=0)
2026-09-30 11:28:04 UTC 99156 total specs
2026-09-30 13:28:45 UTC spec drip fill: +11500 new, 91174 total specs
2026-09-30 15:38:01 UTC spec drip fill: +11522 new, 102696 total specs
2026-09-30 17:28:39 total=94723
2026-09-30T19:37:16+00:00 drip fill: total 106246 specs
2026-09-30 21:39:45 UTC total=101508
2026-09-30 23:35:35 UTC +11261 new, 94919 total specs
2026-10-01 01:35:17 UTC drip: +11529 new, 301298 total specs
2026-10-01 03:29:36 total specs in main repo: 100115
2026-10-01 05:28 UTC spec-drip: +11515 new, 111630 total specs (main repo)
2026-10-01 07:30 UTC: total specs = 105299 (+0)
2026-10-01 09:29:16 spec-drip: +11506 new, 116805 total specs (main repo) — PUSH BLOCKED: repo size cap (850MB) reached, shard-11 needed
2026-10-01T09:45:52+00:00 spec total = 347355
2026-10-01 07:29 EDT +11516 new, 104321 total specs
2026-10-01 13:28:32 UTC +11334 new, 115655 total specs (UNPUSHED: repo size cap reached)
2026-10-01 15:29:42 total=108508 (+10853 this run; NOT pushed: repo-size guard 882.7MB>850MB, shard-13 pending)
2026-10-01 17:28 UTC total=101772
2026-10-01 19:35 UTC +11518 new, 95290 total specs (main repo; 403840 across all shards; shard-14 created c01938-c02057)
2026-10-01 21:30 UTC +11515 new, 106805 total specs (main repo; 415355 across all shards; NOT pushed: repo-size guard 881.3MB>850MB, shard-15 pending)
2026-10-01 23:30 UTC +11515 new, 101820 total specs (main repo; 426870 across all shards)
2026-10-01 21:28 EDT +11476 new, 113296 total specs (main repo; 438346 across all shards; NOT pushed: repo-size guard 935.5MB>850MB, shard-16 pending)
2026-10-02 03:28 UTC +11119 new, 107915 total specs (main repo; 449465 across all shards; NOT pushed: repo-size guard 893.1MB>850MB, shard-17 pending)
2026-10-02T05:27:47 total_specs=102938
2026-10-02 07:29:48 UTC +11520 new, 97958 total specs (commit e399012)
2026-10-02 09:28:33 UTC Spec drip fill: +11516 new, 484024 total specs (main repo 109474; repo-size guard tripped, NOT pushed, shard-19 needed)
2026-10-02 11:27:39 UTC Spec drip fill: +11516 new, 495540 total specs (main repo 104490; NOT pushed: repo-size guard 910.2MB>850MB, shard-20 needed)
2026-10-02 13:30:54 UTC Spec drip fill: +11512 new, 507052 total specs (main repo 99502; pushed commit 6495db8)
2026-10-02 15:31:00 UTC Spec drip fill: +11303 new, 518355 total specs (main repo 110805; repo-size guard tripped, NOT pushed, shard-21 needed)
2026-10-02 17:29 UTC spec drip: +11256 new, 105561 specs in main repo (search index 529611 total, 0 dupes); REPO-SIZE GUARD TRIPPED (data 934409752 > 891813888) — NOT pushed, needs shard-22
2026-10-02 19:28 UTC spec drip: +11515 new, 100576 total (UNPUSHED — repo-size guard tripped, shard-23 needed)
2026-10-02 21:32 UTC spec drip: +11506 new, 95582 total (95582 main repo; 0 dupes; compact index 552632 rows)
2026-10-02 23:30 EDT spec drip: +11017 new, 106599 in main repo (compact search index 563649 total rows, 0 dupes); REPO-SIZE GUARD TRIPPED (data 945815487 > 891813888) — NOT pushed, needs shard-24
2026-10-03 01:35 UTC drip: total specs=101619 (new +11520)
2026-10-03 05:29:32 UTC drip: +11522 new, main=108146 total
2026-10-03 03:28 EDT spec drip: +11515 new, 103161 in main repo (compact search index 609711 total rows, 0 dupes); REPO-SIZE GUARD TRIPPED (data 919970183 > 891813888) — NOT pushed, needs shard-27
2026-10-03 05:23 EDT spec drip: +11515 new, 621226 total (27 shards + main), main repo 98176 in volumes, pushed OK (data 879MB, ~12.7MB under 850MB guard; compact search index rebuilt, sitemaps refreshed, wiki compact index current)
2026-10-03 ~07:23 EDT spec drip: +11128 new (4000 new, 628 signature-line, 2000 hybrids, 2000 versions, 1500 revisions, 1000 product lines), 109304 in main repo (compact search index 632354 total rows, 27 shards + main, 0 dupes); REPO-SIZE GUARD TRIPPED (data 974449773 > 891813888) - NOT pushed, needs shard-28
2026-10-03 13:28:45 UTC spec drip fill (UNPUSHED — repo-size guard tripped): total=103962
2026-10-03 15:29:21 UTC total=98636
2026-10-03 17:30:02 UTC drip: +11513 new, 666199 total specs (main 110149 + 28 shards) (repo-size guard tripped at 985010349 bytes, not pushed; shard-30 needed)
2026-10-03 15:30 EDT drip: +11520 new, 677719 total specs (guard tripped at 944041291 bytes > 850MB, not pushed; shard-31 needed)
2026-10-03 17:23 EDT | +11517 (4000 new, 1017 signature-line, 2000 hybrids, 2000 versions, 1500 revisions, 1000 product lines) | total 689236 specs | next_index 689237 | id-audit PASS | guard: 903406218 bytes > 850MB cap - NOT pushed, shard-32 needed
2026-10-03 19:31 EDT drip: +11565 (4000 new, 1065 signature-line [57767 patents covered], 2000 hybrids, 2000 versions, 1500 revisions, 1000 product lines) | total 700801 specs | next_index 700802 | id-audit PASS (0 dupes) | guard 862441409 bytes < 850MB cap | pushed 7d10aca | all_ids store backfilled to 700801 keys | sitemaps rebuilt + counts re-stamped
2026-10-03 21:38 EDT drip: +11525 (4000 new, 1025 signature-line [58792 patents covered], 2000 hybrids, 2000 versions, 1500 revisions, 1000 product lines) | total 712326 specs | next_index 712327 | id-audit PASS (0 dupes) | guard 960911330 bytes > 850MB cap - NOT pushed, shard-33 needed | all_ids store backfilled to 712326 keys | compact search index rebuilt (712326 rows, 0 dupes) | sitemaps rebuilt + counts re-stamped (2026-10-03)
2026-10-03 23:32 EDT drip: +11514 (4000 new, 1014 signature-line [59806 patents covered - SATURATED], 2000 hybrids, 2000 versions, 1500 revisions, 1000 product lines) | total 723840 specs | next_index 723841 | id-audit PASS (0 dupes) | guard 919551544 bytes > 850MB cap - NOT pushed, shard-34 needed | all_ids store backfilled to 723840 keys | compact search index rebuilt (723840 rows, 0 dupes) | sitemaps rebuilt + counts re-stamped (2026-10-03)
2026-10-04 05:33 UTC drip: +11518 (4000 new, 1018 signature-line [60824 patents covered], 2000 hybrids, 2000 versions, 1500 revisions, 1000 product lines) | total 735358 specs (catalog-wide; 96808 in main repo) | next_index 735359 | id-audit PASS (0 dupes) | guard 890152787 bytes < 850MB cap | pushed 18dd0a4 | all_ids store repaired (1000 corrupt [] entries backfilled from volumes, range 722841-723840); revisions crash mid-run handled (partial 672 truncated, guard added to generate_revisions.py + generate_product_lines.py) | compact search index rebuilt (735358 rows, 0 dupes) | sitemaps rebuilt + counts re-stamped
2026-10-04 07:30 UTC drip: +11524 (4000 new, 1024 signature-line [61848 patents covered - SATURATED], 2000 hybrids, 2000 versions, 1500 revisions, 1000 product lines) | total 746882 specs (catalog-wide; 108332 in main repo) | next_index 746883 | id-audit PASS (0 dupes) | guard 988735596 bytes > 850MB cap - NOT pushed, shard-35 needed | compact search index rebuilt (746882 rows, 0 dupes) | all_ids store clean (0 malformed)
2026-10-04 09:28:55 UTC drip fill: +11514 new, 758396 total specs across main+35 shards, main holding 103346 (unpushed: repo size cap)
2026-10-04 13:35:08 UTC drip fill: +11515 new (4000 new, 1015 signature-line [64890 patents covered - SATURATED], 2000 hybrids, 2000 versions, 1500 revisions, 1000 product lines), 826024 total rows across main+36 shards (compact search index, 0 dupes) | main holding 93374 specs | id-audit PASS (0 dupes) | guards PASS (868748447 bytes < 850MB cap) | pushed 003d670
2026-10-04 15:38:32 UTC specs_in_main_volumes=88504 word_records=46200 total_main=134704 next_index=793055 shard-38 created (JAH-SPEC-688051-704550, 16500 specs, 110 chunks)
2026-10-04 17:29:27 UTC: 11518 new, 147022 total specs (main repo)
2026-10-04 19:34:54 UTC drip fill: +11371 new (4000 new, 871 signature-line [67909 patents covered - SATURATED], 2000 hybrids, 2000 versions, 1500 revisions, 1000 product lines), 863743 total rows across main+39 shards (compact search index, 0 dupes) | main holding 94893 specs | id-audit PASS (0 dupes) | guards PASS (886217016 bytes < 850MB cap) | manifest repaired: 6 word-drip chunks (words-c00353-358) added to volumes manifest | pushed 90763f6
2026-10-04 21:31:00 UTC drip fill: +11262 new (4000 new, 762 signature-line [68671 patents covered - SATURATED], 2000 hybrids, 2000 versions, 1500 revisions, 1000 product lines), 875005 total rows across main+39 shards (827205 specs, 47800 words; compact search index, 0 dupes) | main holding 106155 specs | id-audit PASS (0 dupes) | guard 982778544 bytes > 850MB cap - NOT pushed, shard-40 needed | compact search index + A-Z rebuilt
2026-10-05 00:11:14 UTC  total specs=87734  (+11579 this run)
2026-10-05 01:30:16 UTC drip fill: +11010 new (4000 new, 510 signature-line [70260 patents covered], 2000 hybrids, 2000 versions, 1500 revisions, 1000 product lines), 899194 total rows across main+40 shard entries (849794 specs + 49400 words; compact search index, 0 dupes) | main holding 98744 specs | id-audit PASS (0 dupes) | guard 922176936 bytes > 850MB cap - NOT pushed, shard-41 needed | compact search index + A-Z rebuilt
2026-10-05 03:32:41 UTC drip fill: 93911 total specs (main repo incl. shards: 861461)
2026-10-05 05:36:24 UTC drip fill: +11265 new (4000 new, 765 signature-line [72192 patents covered], 2000 hybrids, 2000 versions, 1500 revisions, 1000 product lines), 923726 total rows across main+40 shards (872726 specs + 51000 words; compact search index, 0 dupes) | main holding 105176 specs | id-audit PASS (0 dupes) | guard 978255838 bytes > 850MB cap - NOT pushed, shard-42 needed | manifest repaired: 6 word-drip chunks (words-c00377-382) added to volumes manifest | compact search index + A-Z rebuilt + counts stamped
2026-10-05 05:52:00 UTC drip fill: +11265 new (4000 new, 765 signature-line [72192 patents covered], 2000 hybrids, 2000 versions, 1500 revisions, 1000 product lines), 923726 total rows across main+41 shards (872726 specs + 51000 words; compact search index, 0 dupes) | shard-42 (JAH-SPEC-767551-784050, 110 chunks) moved out, indexes/sitemaps rebuilt | data 839852729 bytes < 850MB cap - PUSHED 34206a0
2026-10-05T07:47:07Z spec drip fill + shard-43: +11507 new, 884233 total specs / 936033 rows across main+42 shards
2026-10-05 05:32 EDT | +11262 new (4000 new, 762 sigline, 2000 mix, 2000 versions, 1500 revisions, 1000 product lines) | main 147545 rows, network total 948095 | GUARD: data 893456306B > 850MB cap — NOT pushed, awaiting shard-44
2026-10-05T09:38:15Z Spec drip fill + shard-44: +11262 specs, 895495 total specs / 948095 rows (specs+words) across main+43 shards
